WARNING:root:This is my warning log
ERROR:root:This is my error log
WARNING:root:This is my warning log
ERROR:root:This is my error log
WARNING:root:this is my warning log
WARNING:root:this is my warning log
